ERROR CONNECTING TO DATABASE:
PrismaClientInitializationError: 
Invalid `prisma.corresponsal.count()` invocation in
C:\workspace\corresponsalia-assistravel\test-db.ts:7:45

  4 
  5 async function main() {
  6   try {
ΓåÆ 7     const count = await prisma.corresponsal.count(
error: Environment variable not found: DATABASE_URL.
  -->  schema.prisma:7
   | 
 6 |   provider  = "postgresql"
 7 |   url       = env("DATABASE_URL")
   | 

Validation Error Count: 1
    at $n.handleRequestError (C:\workspace\corresponsalia-assistravel\node_modules\@prisma\client\runtime\library.js:121:7615)
    at $n.handleAndLogRequestError (C:\workspace\corresponsalia-assistravel\node_modules\@prisma\client\runtime\library.js:121:6623)
    at $n.request (C:\workspace\corresponsalia-assistravel\node_modules\@prisma\client\runtime\library.js:121:6307)
    at async l (C:\workspace\corresponsalia-assistravel\node_modules\@prisma\client\runtime\library.js:130:9633)
    at async main (C:\workspace\corresponsalia-assistravel\test-db.ts:7:19) {
  clientVersion: '5.22.0',
  errorCode: undefined
}
